
     Program MATDYN v.7.5 starts on 14Jun2026 at 10:54:57 

     This program is part of the open-source Quantum ESPRESSO suite
     for quantum simulation of materials; please cite
         "P. Giannozzi et al., J. Phys.:Condens. Matter 21 395502 (2009);
         "P. Giannozzi et al., J. Phys.:Condens. Matter 29 465901 (2017);
         "P. Giannozzi et al., J. Chem. Phys. 152 154105 (2020);
          URL http://www.quantum-espresso.org", 
     in publications or presentations arising from this work. More details at
     http://www.quantum-espresso.org/quote

     Parallel version (MPI), running on   128 processors

     MPI processes distributed on     1 nodes
     R & G space division:  proc/nbgrp/npool/nimage =     128
     498369 MiB available memory on the printing compute node when the environment starts
 
 mass for atomic type   1 not given; uses mass from file nbn.fc                                                                                                                                                                                                                                                          
 mass for atomic type   2 not given; uses mass from file nbn.fc                                                                                                                                                                                                                                                          
 Norm of the difference between old and new effective charges:    0.00000000000000000000

 Norm of the difference between old and new force-constants:   0.00041880930921424912

     Message from routine matdyn:
     Z* not found in file nbn.fc, TO-LO splitting at q=0 will be absent!
     Message from routine matdyn:
     Z* not found in file nbn.fc, TO-LO splitting at q=0 will be absent!
 
     MATDYN       :      1.77s CPU      2.58s WALL

 
   This run was terminated on:  10:55: 0  14Jun2026            

=------------------------------------------------------------------------------=
   JOB DONE.
=------------------------------------------------------------------------------=
