
     Program MATDYN v.7.5 starts on 10Jun2026 at 22:23:43 

     This program is part of the open-source Quantum ESPRESSO suite
     for quantum simulation of materials; please cite
         "P. Giannozzi et al., J. Phys.:Condens. Matter 21 395502 (2009);
         "P. Giannozzi et al., J. Phys.:Condens. Matter 29 465901 (2017);
         "P. Giannozzi et al., J. Chem. Phys. 152 154105 (2020);
          URL http://www.quantum-espresso.org", 
     in publications or presentations arising from this work. More details at
     http://www.quantum-espresso.org/quote

     Parallel version (MPI), running on   128 processors

     MPI processes distributed on     4 nodes
     R & G space division:  proc/nbgrp/npool/nimage =     128
     490655 MiB available memory on the printing compute node when the environment starts
 
 mass for atomic type   1 not given; uses mass from file Nb.fc                                                                                                                                                                                                                                                           
 Norm of the difference between old and new effective charges:    0.00000000000000000000

 Norm of the difference between old and new force-constants:   0.00000356146104796740

     Message from routine matdyn:
     Z* not found in file Nb.fc, TO-LO splitting at q=0 will be absent!
     Message from routine matdyn:
     Z* not found in file Nb.fc, TO-LO splitting at q=0 will be absent!
 
     MATDYN       :      0.03s CPU      0.07s WALL

 
   This run was terminated on:  22:23:43  10Jun2026            

=------------------------------------------------------------------------------=
   JOB DONE.
=------------------------------------------------------------------------------=
