
     Program Q2R v.7.5 starts on 10Jun2026 at 22:23:40 

     This program is part of the open-source Quantum ESPRESSO suite
     for quantum simulation of materials; please cite
         "P. Giannozzi et al., J. Phys.:Condens. Matter 21 395502 (2009);
         "P. Giannozzi et al., J. Phys.:Condens. Matter 29 465901 (2017);
         "P. Giannozzi et al., J. Chem. Phys. 152 154105 (2020);
          URL http://www.quantum-espresso.org", 
     in publications or presentations arising from this work. More details at
     http://www.quantum-espresso.org/quote

     Parallel version (MPI), running on   128 processors

     MPI processes distributed on     4 nodes
     R & G space division:  proc/nbgrp/npool/nimage =     128
     490918 MiB available memory on the printing compute node when the environment starts
 

  reading grid info from file Nb.dyn0    

  reading force constants from file Nb.dyn1
  Dielectric Tensor not found
  nqs=            1
 q=   0.00000000  0.00000000  0.00000000
  reading force constants from file Nb.dyn2
  nqs=           12
 q=   0.14433757  0.14433757  0.00000000
 q=  -0.14433757  0.14433757  0.00000000
 q=  -0.14433757 -0.14433757  0.00000000
 q=   0.00000000 -0.14433757  0.14433757
 q=   0.00000000 -0.14433757 -0.14433757
 q=   0.00000000  0.14433757 -0.14433757
 q=   0.00000000  0.14433757  0.14433757
 q=   0.14433757 -0.14433757  0.00000000
 q=  -0.14433757  0.00000000 -0.14433757
 q=   0.14433757  0.00000000 -0.14433757
 q=   0.14433757  0.00000000  0.14433757
 q=  -0.14433757  0.00000000  0.14433757
  reading force constants from file Nb.dyn3
  nqs=           12
 q=   0.28867514  0.28867514  0.00000000
 q=  -0.28867514  0.28867514  0.00000000
 q=  -0.28867514 -0.28867514  0.00000000
 q=   0.00000000 -0.28867514  0.28867514
 q=   0.00000000 -0.28867514 -0.28867514
 q=   0.00000000  0.28867514 -0.28867514
 q=   0.00000000  0.28867514  0.28867514
 q=   0.28867514 -0.28867514  0.00000000
 q=  -0.28867514  0.00000000 -0.28867514
 q=   0.28867514  0.00000000 -0.28867514
 q=   0.28867514  0.00000000  0.28867514
 q=  -0.28867514  0.00000000  0.28867514
  reading force constants from file Nb.dyn4
  nqs=            6
 q=  -0.43301270 -0.43301270  0.00000000
 q=   0.00000000  0.43301270 -0.43301270
 q=   0.00000000  0.43301270  0.43301270
 q=  -0.43301270  0.43301270  0.00000000
 q=   0.43301270  0.00000000  0.43301270
 q=  -0.43301270  0.00000000  0.43301270
  reading force constants from file Nb.dyn5
  nqs=           24
 q=   0.28867514  0.14433757  0.14433757
 q=   0.28867514  0.14433757 -0.14433757
 q=   0.14433757  0.28867514 -0.14433757
 q=  -0.14433757 -0.28867514  0.14433757
 q=  -0.28867514 -0.14433757  0.14433757
 q=  -0.28867514 -0.14433757 -0.14433757
 q=  -0.14433757 -0.28867514 -0.14433757
 q=   0.14433757 -0.14433757  0.28867514
 q=  -0.14433757 -0.14433757 -0.28867514
 q=   0.14433757  0.14433757 -0.28867514
 q=  -0.14433757  0.14433757  0.28867514
 q=   0.14433757 -0.28867514  0.14433757
 q=   0.28867514 -0.14433757  0.14433757
 q=   0.14433757  0.14433757  0.28867514
 q=  -0.14433757  0.14433757 -0.28867514
 q=   0.14433757 -0.14433757 -0.28867514
 q=  -0.14433757 -0.14433757  0.28867514
 q=   0.14433757 -0.28867514 -0.14433757
 q=  -0.14433757  0.28867514 -0.14433757
 q=   0.14433757  0.28867514  0.14433757
 q=  -0.28867514  0.14433757 -0.14433757
 q=  -0.28867514  0.14433757  0.14433757
 q=   0.28867514 -0.14433757 -0.14433757
 q=  -0.14433757  0.28867514  0.14433757
  reading force constants from file Nb.dyn6
  nqs=           48
 q=   0.43301270  0.28867514  0.14433757
 q=   0.43301270  0.14433757  0.28867514
 q=   0.43301270  0.28867514 -0.14433757
 q=   0.28867514  0.43301270 -0.14433757
 q=  -0.28867514 -0.43301270  0.14433757
 q=  -0.43301270 -0.28867514  0.14433757
 q=  -0.43301270 -0.28867514 -0.14433757
 q=  -0.28867514 -0.43301270 -0.14433757
 q=   0.14433757 -0.28867514  0.43301270
 q=  -0.14433757 -0.28867514 -0.43301270
 q=   0.14433757  0.28867514 -0.43301270
 q=  -0.14433757  0.28867514  0.43301270
 q=   0.28867514 -0.43301270  0.14433757
 q=  -0.43301270 -0.14433757 -0.28867514
 q=   0.43301270  0.14433757 -0.28867514
 q=   0.43301270 -0.14433757  0.28867514
 q=   0.28867514  0.14433757  0.43301270
 q=  -0.28867514  0.14433757 -0.43301270
 q=   0.28867514 -0.14433757 -0.43301270
 q=  -0.28867514 -0.14433757  0.43301270
 q=  -0.14433757 -0.43301270  0.28867514
 q=   0.14433757 -0.43301270 -0.28867514
 q=   0.43301270 -0.28867514  0.14433757
 q=  -0.14433757  0.43301270 -0.28867514
 q=   0.14433757  0.43301270  0.28867514
 q=  -0.43301270  0.28867514 -0.14433757
 q=   0.14433757  0.28867514  0.43301270
 q=  -0.43301270  0.28867514  0.14433757
 q=  -0.43301270  0.14433757  0.28867514
 q=   0.43301270 -0.28867514 -0.14433757
 q=  -0.28867514  0.43301270 -0.14433757
 q=   0.28867514 -0.43301270 -0.14433757
 q=  -0.28867514  0.43301270  0.14433757
 q=  -0.14433757  0.28867514 -0.43301270
 q=  -0.14433757 -0.28867514  0.43301270
 q=   0.14433757 -0.28867514 -0.43301270
 q=   0.43301270 -0.14433757 -0.28867514
 q=   0.28867514  0.43301270  0.14433757
 q=  -0.43301270 -0.14433757  0.28867514
 q=  -0.43301270  0.14433757 -0.28867514
 q=  -0.28867514 -0.14433757 -0.43301270
 q=   0.28867514 -0.14433757  0.43301270
 q=  -0.28867514  0.14433757  0.43301270
 q=   0.28867514  0.14433757 -0.43301270
 q=  -0.14433757 -0.43301270 -0.28867514
 q=  -0.14433757  0.43301270  0.28867514
 q=   0.14433757  0.43301270 -0.28867514
 q=   0.14433757 -0.43301270  0.28867514
  reading force constants from file Nb.dyn7
  nqs=            8
 q=   0.57735027  0.28867514  0.28867514
 q=  -0.57735027 -0.28867514 -0.28867514
 q=  -0.28867514 -0.57735027 -0.28867514
 q=  -0.28867514 -0.28867514 -0.57735027
 q=   0.28867514  0.28867514 -0.57735027
 q=   0.28867514  0.28867514  0.57735027
 q=   0.28867514 -0.28867514 -0.57735027
 q=  -0.28867514 -0.28867514  0.57735027
  reading force constants from file Nb.dyn8
  nqs=            8
 q=   0.28867514  0.28867514  0.28867514
 q=  -0.28867514 -0.28867514 -0.28867514
 q=   0.28867514 -0.28867514  0.28867514
 q=   0.28867514  0.28867514 -0.28867514
 q=  -0.28867514  0.28867514  0.28867514
 q=  -0.28867514 -0.28867514  0.28867514
 q=   0.28867514 -0.28867514 -0.28867514
 q=  -0.28867514  0.28867514 -0.28867514
  reading force constants from file Nb.dyn9
  nqs=           12
 q=   0.43301270  0.43301270  0.28867514
 q=   0.28867514  0.43301270  0.43301270
 q=   0.43301270  0.28867514  0.43301270
 q=  -0.43301270 -0.43301270 -0.28867514
 q=   0.28867514 -0.43301270  0.43301270
 q=  -0.28867514 -0.43301270 -0.43301270
 q=   0.43301270 -0.43301270  0.28867514
 q=  -0.43301270 -0.28867514 -0.43301270
 q=   0.43301270  0.28867514 -0.43301270
 q=   0.43301270 -0.28867514 -0.43301270
 q=  -0.28867514  0.43301270 -0.43301270
 q=  -0.43301270  0.43301270 -0.28867514
  reading force constants from file Nb.dyn10
  nqs=            6
 q=   0.00000000  0.00000000  0.28867514
 q=   0.28867514  0.00000000  0.00000000
 q=  -0.28867514  0.00000000  0.00000000
 q=   0.00000000 -0.28867514  0.00000000
 q=   0.00000000  0.28867514  0.00000000
 q=   0.00000000  0.00000000 -0.28867514
  reading force constants from file Nb.dyn11
  nqs=           24
 q=   0.00000000 -0.14433757  0.43301270
 q=   0.14433757  0.00000000  0.43301270
 q=   0.00000000  0.14433757  0.43301270
 q=  -0.14433757  0.00000000  0.43301270
 q=   0.43301270  0.14433757  0.00000000
 q=  -0.43301270  0.14433757  0.00000000
 q=   0.43301270 -0.14433757  0.00000000
 q=  -0.43301270 -0.14433757  0.00000000
 q=   0.00000000 -0.43301270  0.14433757
 q=   0.00000000  0.43301270  0.14433757
 q=   0.00000000 -0.43301270 -0.14433757
 q=  -0.14433757  0.43301270  0.00000000
 q=  -0.14433757  0.00000000 -0.43301270
 q=  -0.14433757 -0.43301270  0.00000000
 q=   0.14433757 -0.43301270  0.00000000
 q=   0.00000000 -0.14433757 -0.43301270
 q=   0.43301270  0.00000000  0.14433757
 q=   0.00000000  0.43301270 -0.14433757
 q=  -0.43301270  0.00000000  0.14433757
 q=   0.14433757  0.43301270  0.00000000
 q=  -0.43301270  0.00000000 -0.14433757
 q=   0.00000000  0.14433757 -0.43301270
 q=   0.14433757  0.00000000 -0.43301270
 q=   0.43301270  0.00000000 -0.14433757
  reading force constants from file Nb.dyn12
  nqs=           12
 q=  -0.86602540 -0.28867514 -0.28867514
 q=  -0.28867514  0.86602540 -0.28867514
 q=  -0.86602540  0.28867514 -0.28867514
 q=   0.28867514 -0.86602540 -0.28867514
 q=  -0.28867514  0.28867514 -0.86602540
 q=   0.28867514  0.28867514  0.86602540
 q=  -0.28867514 -0.28867514  0.86602540
 q=   0.28867514 -0.28867514 -0.86602540
 q=   0.86602540  0.28867514  0.28867514
 q=  -0.86602540 -0.28867514  0.28867514
 q=  -0.28867514 -0.86602540  0.28867514
 q=   0.28867514 -0.86602540  0.28867514
  reading force constants from file Nb.dyn13
  nqs=           24
 q=  -0.72168784 -0.14433757 -0.28867514
 q=  -0.72168784 -0.28867514 -0.14433757
 q=   0.72168784 -0.28867514 -0.14433757
 q=  -0.14433757  0.72168784 -0.28867514
 q=  -0.72168784  0.14433757 -0.28867514
 q=  -0.14433757 -0.72168784 -0.28867514
 q=  -0.28867514  0.14433757 -0.72168784
 q=   0.28867514  0.14433757  0.72168784
 q=  -0.28867514 -0.14433757  0.72168784
 q=   0.28867514 -0.14433757 -0.72168784
 q=  -0.28867514 -0.14433757 -0.72168784
 q=   0.72168784  0.28867514  0.14433757
 q=  -0.72168784 -0.28867514  0.14433757
 q=  -0.72168784  0.28867514 -0.14433757
 q=  -0.14433757 -0.28867514 -0.72168784
 q=  -0.14433757 -0.72168784  0.28867514
 q=  -0.14433757  0.28867514  0.72168784
 q=   0.14433757  0.28867514 -0.72168784
 q=  -0.72168784 -0.14433757  0.28867514
 q=   0.28867514 -0.72168784  0.14433757
 q=   0.72168784 -0.14433757  0.28867514
 q=   0.28867514  0.72168784 -0.14433757
 q=  -0.72168784  0.14433757  0.28867514
 q=  -0.28867514 -0.72168784 -0.14433757
  reading force constants from file Nb.dyn14
  nqs=            6
 q=   0.00000000  0.00000000  0.57735027
 q=   0.57735027  0.00000000  0.00000000
 q=  -0.57735027  0.00000000  0.00000000
 q=   0.00000000 -0.57735027  0.00000000
 q=   0.00000000  0.57735027  0.00000000
 q=   0.00000000  0.00000000 -0.57735027
  reading force constants from file Nb.dyn15
  nqs=           12
 q=  -0.86602540 -0.14433757 -0.14433757
 q=  -0.14433757 -0.86602540 -0.14433757
 q=   0.14433757 -0.86602540 -0.14433757
 q=   0.86602540  0.14433757 -0.14433757
 q=  -0.14433757  0.14433757 -0.86602540
 q=   0.14433757  0.14433757  0.86602540
 q=  -0.14433757 -0.14433757  0.86602540
 q=   0.14433757 -0.14433757 -0.86602540
 q=   0.86602540  0.14433757  0.14433757
 q=  -0.86602540 -0.14433757  0.14433757
 q=  -0.14433757 -0.86602540  0.14433757
 q=   0.14433757 -0.86602540  0.14433757
  reading force constants from file Nb.dyn16
  nqs=            1
 q=  -0.86602540 -0.86602540 -0.86602540

      q-space grid ok, #points =  216

      fft-check success (sum of imaginary terms < 10^-12)
 
     Q2R          :      0.04s CPU      0.07s WALL

 
   This run was terminated on:  22:23:40  10Jun2026            

=------------------------------------------------------------------------------=
   JOB DONE.
=------------------------------------------------------------------------------=
